D:/home/INET-pcvs/index.ned
D:/home/INET-pcvs/inet-doc.ned
D:/home/INET-pcvs/mpls-doc.ned
D:/home/INET-pcvs/Applications/Ethernet/EtherAppCli.ned
D:/home/INET-pcvs/Applications/Ethernet/EtherAppSrv.ned
D:/home/INET-pcvs/Applications/Generic/IPTrafficGenerator.ned
D:/home/INET-pcvs/Applications/Generic/IPTrafGen.ned
D:/home/INET-pcvs/Applications/PingApp/PingApp.ned
D:/home/INET-pcvs/Applications/TCPApp/TCPApp.ned
D:/home/INET-pcvs/Applications/TCPApp/TCPBasicClientApp.ned
D:/home/INET-pcvs/Applications/TCPApp/TCPEchoApp.ned
D:/home/INET-pcvs/Applications/TCPApp/TCPGenericSrvApp.ned
D:/home/INET-pcvs/Applications/TCPApp/TCPSessionApp.ned
D:/home/INET-pcvs/Applications/TCPApp/TCPSinkApp.ned
D:/home/INET-pcvs/Applications/TCPApp/TCPSrvHostApp.ned
D:/home/INET-pcvs/Applications/TCPApp/TelnetApp.ned
D:/home/INET-pcvs/Applications/UDPApp/UDPApp.ned
D:/home/INET-pcvs/Base/Blackboard.ned
D:/home/INET-pcvs/Base/Join.ned
D:/home/INET-pcvs/Base/Nop.ned
D:/home/INET-pcvs/Base/Sink.ned
D:/home/INET-pcvs/Examples/Ethernet/ARPTest/ARPTest.ned
D:/home/INET-pcvs/Examples/Ethernet/LANs/EtherHost.ned
D:/home/INET-pcvs/Examples/Ethernet/LANs/LargeNet.ned
D:/home/INET-pcvs/Examples/Ethernet/LANs/Networks.ned
D:/home/INET-pcvs/Examples/INET/BulkTransfer/BulkTransfer.ned
D:/home/INET-pcvs/Examples/INET/FlatNet/FlatNet.ned
D:/home/INET-pcvs/Examples/INET/KIDSNw1/KIDSNw1.ned
D:/home/INET-pcvs/Examples/INET/Multicast/MulticastNetwork.ned
D:/home/INET-pcvs/Examples/INET/NClients/NClients.ned
D:/home/INET-pcvs/Examples/INET/RouterPerf/RouterPerf.ned
D:/home/INET-pcvs/Examples/MPLS/ldp-mpls1/MPLSNet.ned
D:/home/INET-pcvs/Examples/MPLS/ldp-mpls1/MPLSOnly.ned
D:/home/INET-pcvs/Examples/MPLS/TestTE1/RSVPTE4.ned
D:/home/INET-pcvs/Examples/MPLS/TestTE2/RSVPNet.ned
D:/home/INET-pcvs/Examples/MPLS/TestTE3/RSVPNet.ned
D:/home/INET-pcvs/Examples/MPLS/TestTE4/RSVPTE4.ned
D:/home/INET-pcvs/Examples/MPLS/TestTE5/RSVPTE4.ned
D:/home/INET-pcvs/Examples/MPLS/TestTE6/RSVPTE4.ned
D:/home/INET-pcvs/Examples/RTP/Multicast1/multicast1.ned
D:/home/INET-pcvs/Examples/RTP/Unicast/unicast.ned
D:/home/INET-pcvs/Network/AutoRouting/FlatNetworkConfigurator.ned
D:/home/INET-pcvs/Network/IPv4/ICMP.ned
D:/home/INET-pcvs/Network/IPv4/IGMP.ned
D:/home/INET-pcvs/Network/IPv4/IP.ned
D:/home/INET-pcvs/Network/IPv4/RoutingTable.ned
D:/home/INET-pcvs/Network/IPv4d/ErrorHandling.ned
D:/home/INET-pcvs/Network/IPv4d/IPFragmentation.ned
D:/home/INET-pcvs/Network/IPv4d/IPInputQueue.ned
D:/home/INET-pcvs/Network/IPv4d/IPLocalDeliver.ned
D:/home/INET-pcvs/Network/IPv4d/IPMulticast.ned
D:/home/INET-pcvs/Network/IPv4d/IPOutput.ned
D:/home/INET-pcvs/Network/IPv4d/IPPreRouting.ned
D:/home/INET-pcvs/Network/IPv4d/IPProcessing.ned
D:/home/INET-pcvs/Network/IPv4d/IPRouting.ned
D:/home/INET-pcvs/Network/IPv4d/IPSend.ned
D:/home/INET-pcvs/Network/IPv4d/IPTunneling.ned
D:/home/INET-pcvs/Network/LDP/NewLDP.ned
D:/home/INET-pcvs/Network/MPLS/LIBTable.ned
D:/home/INET-pcvs/Network/MPLS/MPLSModule.ned
D:/home/INET-pcvs/Network/RSVP_TE/OspfTe.ned
D:/home/INET-pcvs/Network/RSVP_TE/RSVP.ned
D:/home/INET-pcvs/Network/RSVP_TE/RSVPAppl.ned
D:/home/INET-pcvs/Network/RSVP_TE/TED.ned
D:/home/INET-pcvs/Network/Scenario/NewBWRequestTester.ned
D:/home/INET-pcvs/Network/Scenario/NewRouteTester.ned
D:/home/INET-pcvs/Network/Scenario/Scenario.ned
D:/home/INET-pcvs/NetworkInterfaces/NetworkInterface.ned
D:/home/INET-pcvs/NetworkInterfaces/ARP/ARP.ned
D:/home/INET-pcvs/NetworkInterfaces/Ethernet/eth-index.ned
D:/home/INET-pcvs/NetworkInterfaces/Ethernet/EtherBus.ned
D:/home/INET-pcvs/NetworkInterfaces/Ethernet/EtherEncap.ned
D:/home/INET-pcvs/NetworkInterfaces/Ethernet/EtherHub.ned
D:/home/INET-pcvs/NetworkInterfaces/Ethernet/EtherLLC.ned
D:/home/INET-pcvs/NetworkInterfaces/Ethernet/EtherMAC.ned
D:/home/INET-pcvs/NetworkInterfaces/Ethernet/EthernetInterface.ned
D:/home/INET-pcvs/NetworkInterfaces/Ethernet/EtherSwitch.ned
D:/home/INET-pcvs/NetworkInterfaces/Ethernet/MACRelayUnit.ned
D:/home/INET-pcvs/NetworkInterfaces/Ethernet/MACRelayUnitNP.ned
D:/home/INET-pcvs/NetworkInterfaces/Ethernet/MACRelayUnitPP.ned
D:/home/INET-pcvs/NetworkInterfaces/PPP/PPPInterface.ned
D:/home/INET-pcvs/Nodes/INET/BurstHost.ned
D:/home/INET-pcvs/Nodes/INET/NetworkLayer.ned
D:/home/INET-pcvs/Nodes/INET/Router.ned
D:/home/INET-pcvs/Nodes/INET/StandardHost.ned
D:/home/INET-pcvs/Nodes/MPLS/LDP_LSR.ned
D:/home/INET-pcvs/Nodes/MPLS/RSVP_LSR.ned
D:/home/INET-pcvs/Tests/MPLS/LDP1/MPLSNet.ned
D:/home/INET-pcvs/Tests/MPLS/LDP1/MPLSOnly.ned
D:/home/INET-pcvs/Tests/NewTCP/TcpTest.ned
D:/home/INET-pcvs/Tests/NewTCP/TcpTestClient.ned
D:/home/INET-pcvs/Tests/NewTCP/TCPTester.ned
D:/home/INET-pcvs/Tests/NewTCP/test/work/TCPMessageSendQueue_1.ned
D:/home/INET-pcvs/Tests/NewTCP/test/work/TCPVirtualDataRcvQueue_1.ned
D:/home/INET-pcvs/Transport/RTP/RTCPModule.ned
D:/home/INET-pcvs/Transport/RTP/RTPApplication.ned
D:/home/INET-pcvs/Transport/RTP/RTPHost.ned
D:/home/INET-pcvs/Transport/RTP/RTPLayer.ned
D:/home/INET-pcvs/Transport/RTP/RTPModule.ned
D:/home/INET-pcvs/Transport/RTP/RTPPayloadReceiver.ned
D:/home/INET-pcvs/Transport/RTP/RTPPayloadSender.ned
D:/home/INET-pcvs/Transport/RTP/RTPProfile.ned
D:/home/INET-pcvs/Transport/TCP/TCPDump.ned
D:/home/INET-pcvs/Transport/TCP/TCPMain.ned
D:/home/INET-pcvs/Transport/UDP/UDPProcessing.ned
D:/home/INET-pcvs/Unsupported/Apps/MyTCPApp.ned
D:/home/INET-pcvs/Unsupported/Apps/mytcpserverproc.ned
D:/home/INET-pcvs/Unsupported/Apps/procserver.ned
D:/home/INET-pcvs/Unsupported/Apps/tcpapp.ned
D:/home/INET-pcvs/Unsupported/Examples/TCPTester/dropswitch.ned
D:/home/INET-pcvs/Unsupported/Examples/TCPTester/ipmodule.ned
D:/home/INET-pcvs/Unsupported/Examples/TCPTester/ppp.ned
D:/home/INET-pcvs/Unsupported/Examples/TCPTester/switch.ned
D:/home/INET-pcvs/Unsupported/Examples/TCPTester/TCPTester.ned
D:/home/INET-pcvs/Unsupported/Examples/UDPSockets/SocketApp.ned
D:/home/INET-pcvs/Unsupported/Examples/UDPSockets/UDPSocketHost.ned
D:/home/INET-pcvs/Unsupported/Examples/UDPSockets/UDPSockets.ned
D:/home/INET-pcvs/Unsupported/LDP/LDPInterface.ned
D:/home/INET-pcvs/Unsupported/LDP/LDPproc.ned
D:/home/INET-pcvs/Unsupported/LDP/tcp2ldp.ned
D:/home/INET-pcvs/Unsupported/LDP/tcpclientproc.ned
D:/home/INET-pcvs/Unsupported/LDP/tcpserverproc.ned
D:/home/INET-pcvs/Unsupported/LDP/UDPInterface.ned
D:/home/INET-pcvs/Unsupported/Nodes/mytcp4ip.ned
D:/home/INET-pcvs/Unsupported/Nodes/StandardHost.ned
D:/home/INET-pcvs/Unsupported/Nodes/TCPClientNode.ned
D:/home/INET-pcvs/Unsupported/Nodes/TCPClientTest.ned
D:/home/INET-pcvs/Unsupported/Nodes/TCPServerNode.ned
D:/home/INET-pcvs/Unsupported/Nodes/TCPServerTest.ned
D:/home/INET-pcvs/Unsupported/Nodes/TCPUpperLayers.ned
D:/home/INET-pcvs/Unsupported/Nodes/UDPHost.ned
D:/home/INET-pcvs/Unsupported/Nodes/UDPUpperLayers.ned
D:/home/INET-pcvs/Unsupported/RSVP/RSVPInterface.ned
D:/home/INET-pcvs/Unsupported/Socket/socketlayer.ned
D:/home/INET-pcvs/Unsupported/TcpModule/TcpIpInterface.ned
D:/home/INET-pcvs/Unsupported/TcpModule/tcpmodule.ned
