D:/home/IPSuite-pcvs/index.ned
D:/home/IPSuite-pcvs/ipsuite-doc.ned
D:/home/IPSuite-pcvs/mpls-doc.ned
D:/home/IPSuite-pcvs/Applications/Generic/TrafficGen.ned
D:/home/IPSuite-pcvs/Applications/PingApp/PingApp.ned
D:/home/IPSuite-pcvs/Applications/TCPApp/MyTCPApp.ned
D:/home/IPSuite-pcvs/Applications/TCPApp/mytcpserverproc.ned
D:/home/IPSuite-pcvs/Applications/TCPApp/procserver.ned
D:/home/IPSuite-pcvs/Applications/TCPApp/tcpapp.ned
D:/home/IPSuite-pcvs/Applications/UDPApp/UDPApp.ned
D:/home/IPSuite-pcvs/Base/Blackboard.ned
D:/home/IPSuite-pcvs/Base/Join.ned
D:/home/IPSuite-pcvs/Base/Nop.ned
D:/home/IPSuite-pcvs/Base/Sink.ned
D:/home/IPSuite-pcvs/Examples/Ethernet/EtherAppCli.ned
D:/home/IPSuite-pcvs/Examples/Ethernet/EtherAppSrv.ned
D:/home/IPSuite-pcvs/Examples/Ethernet/EtherHost.ned
D:/home/IPSuite-pcvs/Examples/Ethernet/LargeNet.ned
D:/home/IPSuite-pcvs/Examples/Ethernet/Networks.ned
D:/home/IPSuite-pcvs/Examples/IPSuite/KIDSNw1/KIDSNw1.ned
D:/home/IPSuite-pcvs/Examples/IPSuite/McNetwork2/McNetwork2.ned
D:/home/IPSuite-pcvs/Examples/IPSuite/PerformAnalysis/PerformAnalysis.ned
D:/home/IPSuite-pcvs/Examples/IPSuite/TCPClientServerNet/ClientServerNetwork.ned
D:/home/IPSuite-pcvs/Examples/IPSuite/TCPTester/dropswitch.ned
D:/home/IPSuite-pcvs/Examples/IPSuite/TCPTester/ipmodule.ned
D:/home/IPSuite-pcvs/Examples/IPSuite/TCPTester/ppp.ned
D:/home/IPSuite-pcvs/Examples/IPSuite/TCPTester/switch.ned
D:/home/IPSuite-pcvs/Examples/IPSuite/TCPTester/TCPTester.ned
D:/home/IPSuite-pcvs/Examples/IPSuite/TCPUDPDirectNet/TCPUDPDirectNet.ned
D:/home/IPSuite-pcvs/Examples/IPSuite/UDPSockets/SocketApp.ned
D:/home/IPSuite-pcvs/Examples/IPSuite/UDPSockets/UDPSocketHost.ned
D:/home/IPSuite-pcvs/Examples/IPSuite/UDPSockets/UDPSockets.ned
D:/home/IPSuite-pcvs/Examples/MPLS/demo2/RSVPNet.ned
D:/home/IPSuite-pcvs/Examples/MPLS/ldp-mpls1/MPLSNet.ned
D:/home/IPSuite-pcvs/Examples/MPLS/ldp-mpls1/MPLSOnly.ned
D:/home/IPSuite-pcvs/Examples/MPLS/Tester/Tester.ned
D:/home/IPSuite-pcvs/Examples/MPLS/TestTE1/RSVPTE4.ned
D:/home/IPSuite-pcvs/Examples/MPLS/TestTE2/RSVPNet.ned
D:/home/IPSuite-pcvs/Examples/MPLS/TestTE3/RSVPNet.ned
D:/home/IPSuite-pcvs/Examples/MPLS/TestTE4/RSVPTE4.ned
D:/home/IPSuite-pcvs/Examples/MPLS/TestTE4Old/RSVPNet.ned
D:/home/IPSuite-pcvs/Examples/MPLS/TestTE5/RSVPTE4.ned
D:/home/IPSuite-pcvs/Examples/MPLS/TestTE6/RSVPTE4.ned
D:/home/IPSuite-pcvs/Examples/RTP/Multicast1/multicast1.ned
D:/home/IPSuite-pcvs/Examples/RTP/Unicast/unicast.ned
D:/home/IPSuite-pcvs/Network/IPv4/Core/ErrorHandling.ned
D:/home/IPSuite-pcvs/Network/IPv4/Core/ICMP.ned
D:/home/IPSuite-pcvs/Network/IPv4/Core/IPFragmentation.ned
D:/home/IPSuite-pcvs/Network/IPv4/Core/IPMulticast.ned
D:/home/IPSuite-pcvs/Network/IPv4/Core/IPOutput.ned
D:/home/IPSuite-pcvs/Network/IPv4/Core/IPProcessing.ned
D:/home/IPSuite-pcvs/Network/IPv4/Core/IPSend.ned
D:/home/IPSuite-pcvs/Network/IPv4/Core/IPTunneling.ned
D:/home/IPSuite-pcvs/Network/IPv4/Core/LocalDeliver.ned
D:/home/IPSuite-pcvs/Network/IPv4/Core/PreRouting.ned
D:/home/IPSuite-pcvs/Network/IPv4/Core/Routing.ned
D:/home/IPSuite-pcvs/Network/IPv4/Core/RoutingTable.ned
D:/home/IPSuite-pcvs/Network/LDP/LDPInterface.ned
D:/home/IPSuite-pcvs/Network/LDP/LDPproc.ned
D:/home/IPSuite-pcvs/Network/LDP/tcp2ldp.ned
D:/home/IPSuite-pcvs/Network/LDP/tcpclientproc.ned
D:/home/IPSuite-pcvs/Network/LDP/tcpserverproc.ned
D:/home/IPSuite-pcvs/Network/LDP/UDPInterface.ned
D:/home/IPSuite-pcvs/Network/MPLS/DatalinkLayer.ned
D:/home/IPSuite-pcvs/Network/MPLS/LIBTable.ned
D:/home/IPSuite-pcvs/Network/MPLS/MPLSModule.ned
D:/home/IPSuite-pcvs/Network/RSVP_TE/NetworkManager.ned
D:/home/IPSuite-pcvs/Network/RSVP_TE/OspfTe.ned
D:/home/IPSuite-pcvs/Network/RSVP_TE/RSVP.ned
D:/home/IPSuite-pcvs/Network/RSVP_TE/RSVPAppl.ned
D:/home/IPSuite-pcvs/Network/RSVP_TE/RSVPInterface.ned
D:/home/IPSuite-pcvs/Network/RSVP_TE/TED.ned
D:/home/IPSuite-pcvs/NetworkInterfaces/LinkLayer.ned
D:/home/IPSuite-pcvs/NetworkInterfaces/NetworkInterface.ned
D:/home/IPSuite-pcvs/NetworkInterfaces/ARP/ARP.ned
D:/home/IPSuite-pcvs/NetworkInterfaces/Ethernet/eth-index.ned
D:/home/IPSuite-pcvs/NetworkInterfaces/Ethernet/EtherBus.ned
D:/home/IPSuite-pcvs/NetworkInterfaces/Ethernet/EtherEncap.ned
D:/home/IPSuite-pcvs/NetworkInterfaces/Ethernet/EtherHub.ned
D:/home/IPSuite-pcvs/NetworkInterfaces/Ethernet/EtherLLC.ned
D:/home/IPSuite-pcvs/NetworkInterfaces/Ethernet/EtherMAC.ned
D:/home/IPSuite-pcvs/NetworkInterfaces/Ethernet/EthernetInterface.ned
D:/home/IPSuite-pcvs/NetworkInterfaces/Ethernet/EtherSwitch.ned
D:/home/IPSuite-pcvs/NetworkInterfaces/Ethernet/MACRelayUnit.ned
D:/home/IPSuite-pcvs/NetworkInterfaces/Ethernet/MACRelayUnitNP.ned
D:/home/IPSuite-pcvs/NetworkInterfaces/Ethernet/MACRelayUnitPP.ned
D:/home/IPSuite-pcvs/NetworkInterfaces/PPP/PPPInterface.ned
D:/home/IPSuite-pcvs/NetworkInterfaces/Queues/InputQueue.ned
D:/home/IPSuite-pcvs/NetworkInterfaces/Queues/OutputQueue.ned
D:/home/IPSuite-pcvs/Nodes/IPSuite/BurstHost.ned
D:/home/IPSuite-pcvs/Nodes/IPSuite/mytcp4ip.ned
D:/home/IPSuite-pcvs/Nodes/IPSuite/NetworkLayer.ned
D:/home/IPSuite-pcvs/Nodes/IPSuite/Router.ned
D:/home/IPSuite-pcvs/Nodes/IPSuite/StandardHost.ned
D:/home/IPSuite-pcvs/Nodes/IPSuite/TCPClientNode.ned
D:/home/IPSuite-pcvs/Nodes/IPSuite/TCPClientTest.ned
D:/home/IPSuite-pcvs/Nodes/IPSuite/TCPServerNode.ned
D:/home/IPSuite-pcvs/Nodes/IPSuite/TCPServerTest.ned
D:/home/IPSuite-pcvs/Nodes/IPSuite/TCPUpperLayers.ned
D:/home/IPSuite-pcvs/Nodes/IPSuite/UDPHost.ned
D:/home/IPSuite-pcvs/Nodes/IPSuite/UDPUpperLayers.ned
D:/home/IPSuite-pcvs/Nodes/MPLS/LSRNode.ned
D:/home/IPSuite-pcvs/Nodes/MPLS/NetworkLayerWithMPLS.ned
D:/home/IPSuite-pcvs/Nodes/MPLS/RSVP_LSR_Node.ned
D:/home/IPSuite-pcvs/Tests/MPLS/LDP1/MPLSNet.ned
D:/home/IPSuite-pcvs/Tests/MPLS/LDP1/MPLSOnly.ned
D:/home/IPSuite-pcvs/Tests/NewTCP/TcpTest.ned
D:/home/IPSuite-pcvs/Tests/NewTCP/TcpTestClient.ned
D:/home/IPSuite-pcvs/Transport/NewTCP/TCPMain.ned
D:/home/IPSuite-pcvs/Transport/RTP/RTCPModule.ned
D:/home/IPSuite-pcvs/Transport/RTP/RTPApplication.ned
D:/home/IPSuite-pcvs/Transport/RTP/RTPHost.ned
D:/home/IPSuite-pcvs/Transport/RTP/RTPLayer.ned
D:/home/IPSuite-pcvs/Transport/RTP/RTPModule.ned
D:/home/IPSuite-pcvs/Transport/RTP/RTPPayloadReceiver.ned
D:/home/IPSuite-pcvs/Transport/RTP/RTPPayloadSender.ned
D:/home/IPSuite-pcvs/Transport/RTP/RTPProfile.ned
D:/home/IPSuite-pcvs/Transport/Socket/socketlayer.ned
D:/home/IPSuite-pcvs/Transport/TCP/TcpIpInterface.ned
D:/home/IPSuite-pcvs/Transport/TCP/tcpmodule.ned
D:/home/IPSuite-pcvs/Transport/UDP/UDPProcessing.ned
