./Base/NotificationBoard.ned
./Base/Blackboard.ned
./Base/Join.ned
./Base/Sink.ned
./Base/Nop.ned
./Util/TCPDump.ned
./Util/NAMTraceWriter.ned
./inet-index.ned
./Nodes/INET/StandardHost.ned
./Nodes/INET/QuaggaRouter.ned
./Nodes/INET/NetworkLayer.ned
./Nodes/INET/Router.ned
./Nodes/INET/BurstHost.ned
./Nodes/INET/OSPFRouter.ned
./Nodes/INET/FailedRouter.ned
./Nodes/INET/TCPSpoofingHost.ned
./Nodes/IPv6/Router6.ned
./Nodes/IPv6/NetworkLayer6.ned
./Nodes/IPv6/StandardHost6.ned
./Nodes/MPLS/RSVP_FAILED.ned
./Nodes/MPLS/LDP_LSR.ned
./Nodes/MPLS/RSVP_LSR.ned
./Nodes/MPLS/LDP_FAILED.ned
./Nodes/Adhoc/MFMobileHost.ned
./Nodes/Adhoc/MobileHost.ned
./Nodes/Wireless/WirelessAPWithEthSimplified.ned
./Nodes/Wireless/WirelessAP.ned
./Nodes/Wireless/WirelessHost.ned
./Nodes/Wireless/WirelessAPSimplified.ned
./Nodes/Wireless/WirelessAPWithEth.ned
./Nodes/Wireless/WirelessHostSimplified.ned





./World/NAMTrace.ned
./World/ScenarioManager.ned
./World/ChannelControl.ned
./World/ChannelInstaller.ned
./NetworkInterfaces/PPP/PPPInterface.ned
./NetworkInterfaces/PPP/PPP.ned
./NetworkInterfaces/PPP/PPPInterfaceNoQueue.ned
./NetworkInterfaces/PPP/ThruputMeter.ned
./NetworkInterfaces/Ethernet/EthernetInterface.ned
./NetworkInterfaces/Ethernet/EtherEncap.ned
./NetworkInterfaces/Ethernet/EtherMAC.ned
./NetworkInterfaces/Ethernet/EtherLLC.ned
./NetworkInterfaces/Ethernet/EtherHub.ned
./NetworkInterfaces/Ethernet/EtherBus.ned
./NetworkInterfaces/Ethernet/eth-index.ned
./NetworkInterfaces/Ethernet/EtherMAC2.ned
./NetworkInterfaces/Ethernet/EthernetInterface2.ned
./NetworkInterfaces/Ethernet/EthernetInterfaceNoQueue.ned
./NetworkInterfaces/Radio/GenericRadio.ned
./NetworkInterfaces/Radio/Ieee80211Radio.ned
./NetworkInterfaces/Radio/Radio.ned
./NetworkInterfaces/MFCore/BasicDecider.ned
./NetworkInterfaces/MFCore/WirelessMac.ned
./NetworkInterfaces/MFCore/BasicSnrEval.ned
./NetworkInterfaces/EtherSwitch/MACRelayUnitNP.ned
./NetworkInterfaces/EtherSwitch/MACRelayUnitPP.ned
./NetworkInterfaces/EtherSwitch/EtherSwitch.ned
./NetworkInterfaces/EtherSwitch/MACRelayUnit.ned
./NetworkInterfaces/EtherSwitch/EtherSwitch2.ned
./NetworkInterfaces/MF80211/NicCsma.ned
./NetworkInterfaces/MF80211/macLayer/Mac80211.ned
./NetworkInterfaces/MF80211/macLayer/CSMAMacLayer.ned
./NetworkInterfaces/MF80211/Nic80211.ned
./NetworkInterfaces/MF80211/phyLayer/decider/ErrAndCollDecider.ned
./NetworkInterfaces/MF80211/phyLayer/decider/SnrDecider.ned
./NetworkInterfaces/MF80211/phyLayer/decider/Decider80211.ned
./NetworkInterfaces/MF80211/phyLayer/snrEval/SnrEval.ned
./NetworkInterfaces/MF80211/phyLayer/snrEval/SnrEval80211.ned
./NetworkInterfaces/MF80211/phyLayer/snrEval/GilbertElliotSnr.ned
./NetworkInterfaces/MF80211/SnrNic.ned
./NetworkInterfaces/NetworkInterface.ned
./NetworkInterfaces/Ieee80211/Ieee80211NicAdhoc.ned
./NetworkInterfaces/Ieee80211/Mac/Ieee80211Mac.ned
./NetworkInterfaces/Ieee80211/Ieee80211NicAP.ned
./NetworkInterfaces/Ieee80211/Mgmt/Ieee80211MgmtSTASimplified.ned
./NetworkInterfaces/Ieee80211/Mgmt/Ieee80211AgentSTA.ned
./NetworkInterfaces/Ieee80211/Mgmt/Ieee80211MgmtAdhoc.ned
./NetworkInterfaces/Ieee80211/Mgmt/Ieee80211Mgmt.ned
./NetworkInterfaces/Ieee80211/Mgmt/Ieee80211MgmtAPSimplified.ned
./NetworkInterfaces/Ieee80211/Mgmt/Ieee80211MgmtSTA.ned
./NetworkInterfaces/Ieee80211/Mgmt/Ieee80211MgmtAP.ned
./NetworkInterfaces/Ieee80211/Ieee80211Doc.ned
./NetworkInterfaces/Ieee80211/Ieee80211NicSTASimplified.ned
./NetworkInterfaces/Ieee80211/Ieee80211NicAPSimplified.ned
./NetworkInterfaces/Ieee80211/Ieee80211Nic.ned
./NetworkInterfaces/Ieee80211/Ieee80211NicSTA.ned
./mpls-doc.ned
./Applications/Ethernet/EtherAppSrv.ned
./Applications/Ethernet/EtherAppCli.ned
./Applications/PingApp/PingApp.ned
./Applications/TCPApp/TCPSessionApp.ned
./Applications/TCPApp/TCPApp.ned
./Applications/TCPApp/TCPBasicClientApp.ned
./Applications/TCPApp/TelnetApp.ned
./Applications/TCPApp/TCPSinkApp.ned
./Applications/TCPApp/TCPSrvHostApp.ned
./Applications/TCPApp/TCPSpoof.ned
./Applications/TCPApp/TCPEchoApp.ned
./Applications/TCPApp/TCPGenericSrvApp.ned
./Applications/UDPApp/UDPSink.ned
./Applications/UDPApp/UDPVideoStreamSvr.ned
./Applications/UDPApp/UDPBasicApp.ned
./Applications/UDPApp/UDPVideoStreamCli.ned
./Applications/UDPApp/UDPApp.ned
./Applications/UDPApp/UDPEchoApp.ned
./Applications/Generic/IPTrafficGenerator.ned
./Applications/Generic/IPTrafGen.ned
./inet-doc.ned





















































































































./Transport/RTP/RTPPayloadReceiver.ned
./Transport/RTP/RTPHost.ned
./Transport/RTP/RTPLayer.ned
./Transport/RTP/RTPApplication.ned
./Transport/RTP/RTPPayloadSender.ned
./Transport/RTP/RTPProfile.ned
./Transport/RTP/RTCPModule.ned
./Transport/RTP/RTPModule.ned
./Transport/TCP/TCP.ned
./Transport/UDP/UDP.ned
./Network/ARP/ARP.ned
./Network/LDP/LDP.ned
./Network/TED/LinkStateRouting.ned
./Network/TED/TED.ned
./Network/IPv4/IP.ned
./Network/IPv4/RoutingTable.ned
./Network/IPv4/IGMP.ned
./Network/IPv4/ICMP.ned
./Network/IPv4/ErrorHandling.ned
./Network/IPv6/IPv6.ned
./Network/IPv6/IPv6ErrorHandling.ned
./Network/IPv6/RoutingTable6.ned
./Network/MPLS/MPLS.ned
./Network/MPLS/LIBTable.ned
./Network/ICMPv6/IPv6NeighbourDiscovery.ned
./Network/ICMPv6/ICMPv6.ned
./Network/Extras/Dummy.ned
./Network/Extras/FailureManager.ned
./Network/AutoRouting/FlatNetworkConfigurator.ned
./Network/AutoRouting/FlatNetworkConfigurator6.ned
./Network/AutoRouting/NetworkConfigurator.ned
./Network/Queue/OutputQueue.ned
./Network/Queue/REDQueue.ned
./Network/Queue/DropTailQueue.ned
./Network/Queue/DropTailQoSQueue.ned
./Network/OSPFv2/OSPFRouting.ned
./Network/RSVP_TE/SimpleClassifier.ned
./Network/RSVP_TE/RSVP.ned
./Network/Contract/InterfaceTable.ned
./Network/Quagga/Daemon.ned
./Mobility/RandomWPMobility.ned
./Mobility/MassMobility.ned
./Mobility/NullMobility.ned
./Mobility/LinearMobility.ned
./Mobility/ANSimMobility.ned
./Mobility/TurtleMobility.ned
./Mobility/ConstSpeedMobility.ned
./Mobility/RectangleMobility.ned
./Mobility/BonnMotionMobility.ned
./Mobility/CircleMobility.ned
./Mobility/BasicMobility.ned
