NSM
ISM
syslog_facilities
mlists
route_info
ripd__route_info
redist_type
ordering
Power2
rip_msg
memory_list_lib
memory_list_bgp
memory_list_rip
memory_list_ripng
memory_list_ospf
memory_list_ospf6
memory_list_isis
memory_list_separator
show_function
ri_version_msg
ripd_signals
zebra_signals
ospf_signals
longopts
_caps_p
nlmsg_str
rtproto_str
itoa64
maskbit
mstr
fillbuf
ospf_ism_state_msg
ospf_ism_state_msg_max
ospf_nsm_state_msg
ospf_nsm_state_msg_max
ospf_lsa_type_msg
ospf_lsa_type_msg_max
ospf_link_state_id_type_msg
ospf_link_state_id_type_msg_max
ospf_redistributed_proto
ospf_redistributed_proto_max
ospf_network_type_msg
ospf_network_type_msg_max
distribute_str
zlog_priority
show_database_header
link_data_desc
ospf_abr_type_str
ospf_int_type_str
ospf_nsm_event_str
show_database_desc
proc_net_snmp
ospf_network_type_str
re_error_msgid
integrate_default
zebra_command_str
ospf_abr_type_descr_str
ospf_shortcut_mode_descr_str
proc_ipv4_forwarding
nexthop_types_desc
rtm_type_str
show_lsa_flags
ospf_ism_event_str
ospf_area_type_msg
re_error_msgid_idx
link_type_desc
link_id_desc
ospf_shortcut_mode_str
zlog_proto_names
ospf_packet_type_str
ospf_path_type_str
config_default
ospfd_privs
zserv_privs
ripd_privs
default_motd
